[reflexion_mh] running 10 seeds on MiniHack-River-Narrow-v0 (workers=1)
  [reflexion_mh] seed 0: success=0 steps=120 reward=-0.24
  [reflexion_mh] seed 1: success=0 steps=120 reward=-0.21
  [reflexion_mh] seed 2: success=1 steps=60 reward=0.88
  [reflexion_mh] seed 3: success=0 steps=120 reward=-0.31
  [reflexion_mh] seed 4: success=0 steps=120 reward=-0.20
  [reflexion_mh] seed 5: success=0 steps=120 reward=-0.20
  [reflexion_mh] seed 6: success=0 steps=120 reward=-0.20
  [reflexion_mh] seed 7: success=0 steps=120 reward=-0.23
  [reflexion_mh] seed 8: success=1 steps=103 reward=0.81
  [reflexion_mh] seed 9: success=0 steps=120 reward=-0.34
[reflexion_mh] done: 2/10 solved
{
  "run_id": "f4e49053",
  "summary_file": "/workspaces/PROBE/outputs/minihack_summary_f4e49053_mhc_reflexion_mh_0.json",
  "variants": {
    "reflexion_mh": {
      "run_id": "f4e49053",
      "variant": "reflexion_mh",
      "env_id": "MiniHack-River-Narrow-v0",
      "episodes": 10,
      "budget": 120,
      "success_rate": 0.2,
      "mean_reward": -0.02400000000000006,
      "mean_steps": 112.3,
      "trace_file": "/workspaces/PROBE/traces/minihack_reflexion_mh_f4e49053_mhc_reflexion_mh_0.csv"
    }
  }
}
