[reflexion_mh] running 10 seeds on MiniHack-River-Narrow-v0 (workers=1)
  [reflexion_mh] seed 40: success=0 steps=120 reward=-0.13
  [reflexion_mh] seed 41: success=0 steps=120 reward=-0.18
  [reflexion_mh] seed 42: success=0 steps=120 reward=-0.08
  [reflexion_mh] seed 43: success=0 steps=120 reward=-0.20
  [reflexion_mh] seed 44: success=1 steps=30 reward=0.97
  [reflexion_mh] seed 45: success=0 steps=120 reward=-0.20
  [reflexion_mh] seed 46: success=0 steps=120 reward=-0.21
  [reflexion_mh] seed 47: success=0 steps=120 reward=-0.14
  [reflexion_mh] seed 48: success=0 steps=120 reward=-0.28
  [reflexion_mh] seed 49: success=1 steps=86 reward=0.85
[reflexion_mh] done: 2/10 solved
{
  "run_id": "337ae3cd",
  "summary_file": "/workspaces/PROBE/outputs/minihack_summary_337ae3cd_mhc_reflexion_mh_40.json",
  "variants": {
    "reflexion_mh": {
      "run_id": "337ae3cd",
      "variant": "reflexion_mh",
      "env_id": "MiniHack-River-Narrow-v0",
      "episodes": 10,
      "budget": 120,
      "success_rate": 0.2,
      "mean_reward": 0.03999999999999997,
      "mean_steps": 107.6,
      "trace_file": "/workspaces/PROBE/traces/minihack_reflexion_mh_337ae3cd_mhc_reflexion_mh_40.csv"
    }
  }
}
